10CoA201030.pdf
353CoA&GS201820.pdf
1092CoA&GS201820.pdf
15R-AF201610.pdf
353CoA&GS201820.pdf
1092CoA&GS201820.pdf
15R-AF201610.pdf
353CoA&GS201820.pdf
1092CoA&GS201820.pdf
353CoA&GS201820.pdf
1092CoA&GS201820.pdf
15R-AF201610.pdf
